******************************************************************************
                  TI ARM Linker PC v20.2.7                     
******************************************************************************
>> Linked Thu Mar  6 12:30:01 2025

OUTPUT FILE NAME:   <Tone-Player-Recorder.out>
ENTRY POINT SYMBOL: "_c_int00_noinit_noargs"  address: 00000585


MEMORY CONFIGURATION

         name            origin    length      used     unused   attr    fill
----------------------  --------  ---------  --------  --------  ----  --------
  FLASH                 00000000   00040000  000005fe  0003fa02  R  X
  SRAM                  20000000   00008000  00000200  00007e00  RW X


SEGMENT ALLOCATION MAP

run origin  load origin   length   init length attrs members
----------  ----------- ---------- ----------- ----- -------
00000000    00000000    000005fe   000005fe    r-x
  00000000    00000000    0000026c   0000026c    r-- .intvecs
  0000026c    0000026c    00000382   00000382    r-x .text
  000005ee    000005ee    00000010   00000010    r-- .const
20000000    20000000    00000200   00000000    rw-
  20000000    20000000    00000200   00000000    rw- .stack


SECTION ALLOCATION MAP

 output                                  attributes/
section   page    origin      length       input sections
--------  ----  ----------  ----------   ----------------
.intvecs   0    00000000    0000026c     
                  00000000    0000026c     tm4c123gh6pm_startup_ccs.obj (.intvecs)

.text      0    0000026c    00000382     
                  0000026c    00000198     pwm.obj (.text)
                  00000404    000000e4     keypad.obj (.text)
                  000004e8    0000009c     rtsv7M4_T_le_v4SPD16_eabi.lib : memcpy_t2.asm.obj (.text)
                  00000584    0000002c                                   : boot_cortex_m.c.obj (.text:_c_int00_noinit_noargs:_c_int00_noinit_noargs)
                  000005b0    0000002a     main.obj (.text)
                  000005da    0000000c     tm4c123gh6pm_startup_ccs.obj (.text)
                  000005e6    00000004     rtsv7M4_T_le_v4SPD16_eabi.lib : pre_init.c.obj (.text:_system_pre_init)
                  000005ea    00000004                                   : exit.c.obj (.text:abort:abort)

.const     0    000005ee    00000010     
                  000005ee    00000010     keypad.obj (.const:$P$T0$1)

.cinit     0    00000000    00000000     UNINITIALIZED

.init_array 
*          0    00000000    00000000     UNINITIALIZED

.stack     0    20000000    00000200     UNINITIALIZED
                  20000000    00000004     rtsv7M4_T_le_v4SPD16_eabi.lib : boot_cortex_m.c.obj (.stack)
                  20000004    000001fc     --HOLE--

__llvm_prf_cnts 
*          0    20000000    00000000     UNINITIALIZED

MODULE SUMMARY

       Module                         code   ro data   rw data
       ------                         ----   -------   -------
    .\
       tm4c123gh6pm_startup_ccs.obj   12     620       0      
       pwm.obj                        408    0         0      
       keypad.obj                     228    16        0      
       main.obj                       42     0         0      
    +--+------------------------------+------+---------+---------+
       Total:                         690    636       0      
                                                              
    C:\ti\ccs1281\ccs\tools\compiler\ti-cgt-arm_20.2.7.LTS\lib\rtsv7M4_T_le_v4SPD16_eabi.lib
       memcpy_t2.asm.obj              156    0         0      
       boot_cortex_m.c.obj            44     0         0      
       exit.c.obj                     4      0         0      
       pre_init.c.obj                 4      0         0      
    +--+------------------------------+------+---------+---------+
       Total:                         208    0         0      
                                                              
       Stack:                         0      0         512    
    +--+------------------------------+------+---------+---------+
       Grand Total:                   898    636       512    


GLOBAL SYMBOLS: SORTED ALPHABETICALLY BY Name 

address   name                   
-------   ----                   
000005eb  C$$EXIT                
000005db  ResetISR               
20000200  __STACK_END            
00000200  __STACK_SIZE           
20000200  __STACK_TOP            
ffffffff  __TI_pprof_out_hndl    
ffffffff  __TI_prof_data_size    
ffffffff  __TI_prof_data_start   
00000000  __TI_static_base__     
000004e9  __aeabi_memcpy         
000004e9  __aeabi_memcpy4        
000004e9  __aeabi_memcpy8        
ffffffff  __binit__              
ffffffff  __c_args__             
UNDEFED   __mpu_init             
20000000  __stack                
20000000  __start___llvm_prf_cnts
20000000  __stop___llvm_prf_cnts 
00000585  _c_int00_noinit_noargs 
000005e7  _system_pre_init       
000005eb  abort                  
ffffffff  binit                  
00000395  delay_us               
00000000  g_pfnVectors           
00000405  keypad_config          
00000449  keypad_input           
000005b1  main                   
000004e9  memcpy                 
00000307  play_note              
0000026d  pwm_config             
000002d9  set_frequency          


GLOBAL SYMBOLS: SORTED BY Symbol Address 

address   name                   
-------   ----                   
00000000  __TI_static_base__     
00000000  g_pfnVectors           
00000200  __STACK_SIZE           
0000026d  pwm_config             
000002d9  set_frequency          
00000307  play_note              
00000395  delay_us               
00000405  keypad_config          
00000449  keypad_input           
000004e9  __aeabi_memcpy         
000004e9  __aeabi_memcpy4        
000004e9  __aeabi_memcpy8        
000004e9  memcpy                 
00000585  _c_int00_noinit_noargs 
000005b1  main                   
000005db  ResetISR               
000005e7  _system_pre_init       
000005eb  C$$EXIT                
000005eb  abort                  
20000000  __stack                
20000000  __start___llvm_prf_cnts
20000000  __stop___llvm_prf_cnts 
20000200  __STACK_END            
20000200  __STACK_TOP            
ffffffff  __TI_pprof_out_hndl    
ffffffff  __TI_prof_data_size    
ffffffff  __TI_prof_data_start   
ffffffff  __binit__              
ffffffff  __c_args__             
ffffffff  binit                  
UNDEFED   __mpu_init             

[31 symbols]
