******************************************************************************
                  TI ARM Linker PC v20.2.7                     
******************************************************************************
>> Linked Tue Mar 11 22:47:03 2025

OUTPUT FILE NAME:   <Tone-Player-Recorder.out>
ENTRY POINT SYMBOL: "_c_int00_noinit_noargs"  address: 00000abd


MEMORY CONFIGURATION

         name            origin    length      used     unused   attr    fill
----------------------  --------  ---------  --------  --------  ----  --------
  FLASH                 00000000   00040000  00000b0c  0003f4f4  R  X
  SRAM                  20000000   00008000  00000200  00007e00  RW X


SEGMENT ALLOCATION MAP

run origin  load origin   length   init length attrs members
----------  ----------- ---------- ----------- ----- -------
00000000    00000000    00000b0c   00000b0c    r-x
  00000000    00000000    0000026c   0000026c    r-- .intvecs
  0000026c    0000026c    00000890   00000890    r-x .text
  00000afc    00000afc    00000010   00000010    r-- .const
20000000    20000000    00000200   00000000    rw-
  20000000    20000000    00000200   00000000    rw- .stack


SECTION ALLOCATION MAP

 output                                  attributes/
section   page    origin      length       input sections
--------  ----  ----------  ----------   ----------------
.intvecs   0    00000000    0000026c     
                  00000000    0000026c     tm4c123gh6pm_startup_ccs.obj (.intvecs)

.text      0    0000026c    00000890     
                  0000026c    00000200     i2c.obj (.text)
                  0000046c    00000198     pwm.obj (.text)
                  00000604    00000178     uart.obj (.text)
                  0000077c    00000150     main.obj (.text)
                  000008cc    000000e4     keypad.obj (.text)
                  000009b0    0000009c     rtsv7M4_T_le_v4SPD16_eabi.lib : memcpy_t2.asm.obj (.text)
                  00000a4c    00000070     ledcontrol.obj (.text)
                  00000abc    0000002c     rtsv7M4_T_le_v4SPD16_eabi.lib : boot_cortex_m.c.obj (.text:_c_int00_noinit_noargs:_c_int00_noinit_noargs)
                  00000ae8    0000000c     tm4c123gh6pm_startup_ccs.obj (.text)
                  00000af4    00000004     rtsv7M4_T_le_v4SPD16_eabi.lib : pre_init.c.obj (.text:_system_pre_init)
                  00000af8    00000004                                   : exit.c.obj (.text:abort:abort)

.const     0    00000afc    00000010     
                  00000afc    00000010     keypad.obj (.const:$P$T0$1)

.cinit     0    00000000    00000000     UNINITIALIZED

.init_array 
*          0    00000000    00000000     UNINITIALIZED

.stack     0    20000000    00000200     UNINITIALIZED
                  20000000    00000004     rtsv7M4_T_le_v4SPD16_eabi.lib : boot_cortex_m.c.obj (.stack)
                  20000004    000001fc     --HOLE--

__llvm_prf_cnts 
*          0    20000000    00000000     UNINITIALIZED

MODULE SUMMARY

       Module                         code   ro data   rw data
       ------                         ----   -------   -------
    .\
       tm4c123gh6pm_startup_ccs.obj   12     620       0      
       i2c.obj                        512    0         0      
       pwm.obj                        408    0         0      
       uart.obj                       376    0         0      
       main.obj                       336    0         0      
       keypad.obj                     228    16        0      
       ledcontrol.obj                 112    0         0      
    +--+------------------------------+------+---------+---------+
       Total:                         1984   636       0      
                                                              
    C:\ti\ccs1281\ccs\tools\compiler\ti-cgt-arm_20.2.7.LTS\lib\rtsv7M4_T_le_v4SPD16_eabi.lib
       memcpy_t2.asm.obj              156    0         0      
       boot_cortex_m.c.obj            44     0         0      
       exit.c.obj                     4      0         0      
       pre_init.c.obj                 4      0         0      
    +--+------------------------------+------+---------+---------+
       Total:                         208    0         0      
                                                              
       Stack:                         0      0         512    
    +--+------------------------------+------+---------+---------+
       Grand Total:                   2192   636       512    


GLOBAL SYMBOLS: SORTED ALPHABETICALLY BY Name 

address   name                   
-------   ----                   
00000af9  C$$EXIT                
00000605  EnableUART             
00000ae9  ResetISR               
20000200  __STACK_END            
00000200  __STACK_SIZE           
20000200  __STACK_TOP            
ffffffff  __TI_pprof_out_hndl    
ffffffff  __TI_prof_data_size    
ffffffff  __TI_prof_data_start   
00000000  __TI_static_base__     
000009b1  __aeabi_memcpy         
000009b1  __aeabi_memcpy4        
000009b1  __aeabi_memcpy8        
ffffffff  __binit__              
ffffffff  __c_args__             
UNDEFED   __mpu_init             
20000000  __stack                
20000000  __start___llvm_prf_cnts
20000000  __stop___llvm_prf_cnts 
00000abd  _c_int00_noinit_noargs 
00000af5  _system_pre_init       
00000af9  abort                  
ffffffff  binit                  
0000036f  change_addr            
00000595  delay_us               
00000000  g_pfnVectors           
0000026d  i2c_config             
000008cd  keypad_config          
00000911  keypad_input           
00000a4d  led_config             
0000077d  main                   
000009b1  memcpy                 
00000507  play_note              
0000068b  print                  
0000046d  pwm_config             
0000031f  random_read            
0000067b  readChar               
000003ef  read_dr                
0000065f  sendChar               
000004d9  set_frequency          
00000a6d  set_led                
000002cb  store_byte             
000006a7  uint32_to_str          
000003b5  write_dr               


GLOBAL SYMBOLS: SORTED BY Symbol Address 

address   name                   
-------   ----                   
00000000  __TI_static_base__     
00000000  g_pfnVectors           
00000200  __STACK_SIZE           
0000026d  i2c_config             
000002cb  store_byte             
0000031f  random_read            
0000036f  change_addr            
000003b5  write_dr               
000003ef  read_dr                
0000046d  pwm_config             
000004d9  set_frequency          
00000507  play_note              
00000595  delay_us               
00000605  EnableUART             
0000065f  sendChar               
0000067b  readChar               
0000068b  print                  
000006a7  uint32_to_str          
0000077d  main                   
000008cd  keypad_config          
00000911  keypad_input           
000009b1  __aeabi_memcpy         
000009b1  __aeabi_memcpy4        
000009b1  __aeabi_memcpy8        
000009b1  memcpy                 
00000a4d  led_config             
00000a6d  set_led                
00000abd  _c_int00_noinit_noargs 
00000ae9  ResetISR               
00000af5  _system_pre_init       
00000af9  C$$EXIT                
00000af9  abort                  
20000000  __stack                
20000000  __start___llvm_prf_cnts
20000000  __stop___llvm_prf_cnts 
20000200  __STACK_END            
20000200  __STACK_TOP            
ffffffff  __TI_pprof_out_hndl    
ffffffff  __TI_prof_data_size    
ffffffff  __TI_prof_data_start   
ffffffff  __binit__              
ffffffff  __c_args__             
ffffffff  binit                  
UNDEFED   __mpu_init             

[44 symbols]
